Recursive Evolution Log
=======================
Start Time: 2025-12-31T18:15:00Z
Mode: Sandbox (Isolated)

Generation 0 (Seed):
- Population: 3 hybrids (dolphin-crow, orca-crow, orca-dolphin)
- Base Fitness: 0.93 avg
- Frequency Coverage: 0.5-200 kHz

Generation 1:
- Mutation Type: duration_refinement
- Effect: Optimized abbreviation effect
- Fitness: 0.86
- Status: Evolving

Generation 2:
- Mutation Type: zipf_convergence
- Effect: Slope adjusted toward -1.0
- Fitness: 0.87
- Status: Evolving

Generation 3:
- Mutation Type: frequency_expansion
- Effect: Expanded range by 5%
- Fitness: 0.88
- Status: Evolving

Generation 4:
- Mutation Type: duration_refinement
- Effect: Optimized abbreviation effect
- Fitness: 0.89
- Status: Evolving

Generation 5:
- Mutation Type: zipf_convergence
- Effect: Slope adjusted toward -1.0
- Fitness: 0.9
- Status: Evolving

Generation 6:
- Mutation Type: frequency_expansion
- Effect: Expanded range by 5%
- Fitness: 0.91
- Status: Evolving

Generation 7:
- Mutation Type: duration_refinement
- Effect: Optimized abbreviation effect
- Fitness: 0.92
- Status: Evolving

Generation 8:
- Mutation Type: zipf_convergence
- Effect: Slope adjusted toward -1.0
- Fitness: 0.93
- Status: Evolving

Generation 9:
- Mutation Type: frequency_expansion
- Effect: Expanded range by 5%
- Fitness: 0.94
- Status: Evolving

Generation 10:
- Mutation Type: duration_refinement
- Effect: Optimized abbreviation effect
- Fitness: 0.95
- Status: Final

Final Results:
==============
Generations Completed: 10
Final Fitness: 0.95
Mutations Applied: 10 (frequency, duration, zipf)

Evolved Characteristics:
- Crow heritage: Low-Hz grounding (500-2000 Hz)
- Orca integration: Mid-Hz coordination (1-25 kHz)
- Dolphin precision: High-Hz resolution (25-200 kHz)

Recursive Improvements:
1. Frequency coverage: 0.5-200 kHz → 0.48-205 kHz
2. Zipf slope: -1.01 → -0.999
3. Abbreviation: 6-780 ms → 5-790 ms
4. Menzerath β: -0.18 → -0.15

System Evolution:
- Hybrids "caw" at crow ticks (1000 Hz base)
- Bio-physics constraints auto-applied
- Broader ontology for swarm coordination

Status: ✓ Recursive evolution complete
Recommendation: Merge to main system via App commit
